node : C:\Users\KIIT0
001\OneDrive\Desktop\
Campus-connect1\node_
modules\@prisma\clien
t\runtime\client.js:6
6
At line:1 char:1
+ node test_db.js > 
test_output.txt 2>&1
+ ~~~~~~~~~~~~~~~~~~~
~~~~~~~~~~~~~~~~~~~
    + CategoryInfo   
           : NotSpe  
  cified: (C:\User   
 s\KIIT00...me\cl    
ient.js:66:Strin    
g) [], RemoteExc    
eption
    + FullyQualified 
   ErrorId : Native  
  CommandError
 
Read more at https://
pris.ly/d/client-cons
tructor`),this.name="
PrismaClientConstruct
orValidationError"}ge
t[Symbol.toStringTag]
(){return"PrismaClien
tConstructorValidatio
nError"}};mt(R,"Prism
aClientConstructorVal
idationError");var Nl
=["errorFormat","adap
ter","accelerateUrl",
"log","transactionOpt
ions","omit","comment
s","__internal"],Dl=[
"pretty","colorless",
"minimal"],Fl=["info"
,"query","warn","erro
r"],wm={adapter:()=>{
},accelerateUrl:e=>{i
f(e!==void 
0){if(typeof 
e!="string")throw 
new R(`Invalid value 
${JSON.stringify(e)} 
for "accelerateUrl" 
provided to 
PrismaClient construc
tor.`);if(e.trim().le
ngth===0)throw new 
R('"accelerateUrl" 
provided to 
PrismaClient 
constructor must be 
a non-empty string.')
}},errorFormat:e=>{if
(e){if(typeof 
e!="string")throw 
new R(`Invalid value 
${JSON.stringify(e)} 
for "errorFormat" 
provided to 
PrismaClient construc
tor.`);if(!Dl.include
s(e)){let 
t=jt(e,Dl);throw new 
R(`Invalid 
errorFormat ${e} 
provided to 
PrismaClient construc
tor.${t}`)}}},log:e=>
{if(!e)return;if(!Arr
ay.isArray(e))throw 
new R(`Invalid value 
${JSON.stringify(e)} 
for "log" provided 
to PrismaClient const
ructor.`);function 
t(r){if(typeof r=="st
ring"&&!Fl.includes(r
)){let 
n=jt(r,Fl);throw new 
R(`Invalid log level 
"${r}" provided to 
PrismaClient construc
tor.${n}`)}}for(let 
r of e){t(r);let n={l
evel:t,emit:i=>{let o
=["stdout","event"];i
f(!o.includes(i)){let
 s=jt(i,o);throw new 
R(`Invalid value 
${JSON.stringify(i)} 
for "emit" in 
logLevel provided to 
PrismaClient construc
tor.${s}`)}}};if(r&&t
ypeof r=="object")for
(let[i,o]of Object.en
tries(r))if(n[i])n[i]
(o);else throw new 
R(`Invalid property 
${i} for "log" 
provided to 
PrismaClient construc
tor`)}},transactionOp
tions:e=>{if(!e)retur
n;let t=e.maxWait;if(
t!=null&&t<=0)throw 
new R(`Invalid value 
${t} for maxWait in 
"transactionOptions" 
provided to 
PrismaClient 
constructor. maxWait 
needs to be greater 
than 0`);let r=e.time
out;if(r!=null&&r<=0)
throw new R(`Invalid 
value ${r} for 
timeout in 
"transactionOptions" 
provided to 
PrismaClient 
constructor. timeout 
needs to be greater 
than 0`)},omit:(e,t)=
>{if(typeof 
e!="object")throw 
new R('"omit" option 
is expected to be an 
object.');if(e===null
)throw new R('"omit" 
option can not be 
`null`');let 
r=[];for(let[n,i]of O
bject.entries(e)){let
 o=Em(n,t.runtimeData
Model);if(!o){r.push(
{kind:"UnknownModel",
modelKey:n});continue
}for(let[s,a]of Objec
t.entries(i)){let l=o
.fields.find(u=>u.nam
e===s);if(!l){r.push(
{kind:"UnknownField",
modelKey:n,fieldName:
s});continue}if(l.rel
ationName){r.push({ki
nd:"RelationInOmit",m
odelKey:n,fieldName:s
});continue}typeof a!
="boolean"&&r.push({k
ind:"InvalidFieldValu
e",modelKey:n,fieldNa
me:s})}}if(r.length>0
)throw new R(Pm(e,r))
},comments:e=>{if(e!=
=void 0){if(!Array.is
Array(e))throw new 
R(`Invalid value 
${JSON.stringify(e)} 
for "comments" 
provided to 
PrismaClient 
constructor. 
Expected an array of 
SQL commenter 
plugins.`);for(let t=
0;t<e.length;t++)if(t
ypeof e[t]!="function
")throw new 
R(`Invalid value at 
index ${t} for 
"comments" provided 
to PrismaClient 
constructor. Each 
plugin must be a func
tion.`)}},__internal:
e=>{if(!e)return;let 
t=["debug","engine","
configOverride"];if(t
ypeof 
e!="object")throw 
new R(`Invalid value 
${JSON.stringify(e)} 
for "__internal" to 
PrismaClient construc
tor`);for(let[r]of Ob
ject.entries(e))if(!t
.includes(r)){let 
n=jt(r,t);throw new 
R(`Invalid property 
${JSON.stringify(r)} 
for "__internal" 
provided to 
PrismaClient construc
tor.${n}`)}}};functio
n bm(e){let 
t=e.adapter!==void 0,
r=e.accelerateUrl!==v
oid 0;if(t&&r)throw 
new R('The "adapter" 
and "accelerateUrl" 
options are mutually 
exclusive. Please 
provide only one of t
hem.');if(!t&&!r)thro
w new R('Using 
engine type "client" 
requires either 
"adapter" or 
"accelerateUrl" to 
be provided to 
PrismaClient construc
tor.')}function Ll(e,
t){for(let[r,n]of Obj
ect.entries(e)){if(!N
l.includes(r)){let 
i=jt(r,Nl);throw new 
R(`Unknown property 
${r} provided to 
PrismaClient construc
tor.${i}`)}wm[r](n,t)
}bm(e)}function jt(e,
t){if(t.length===0||t
ypeof e!="string")ret
urn"";let 
r=xm(e,t);return r?` 
Did you mean 
"${r}"?`:""}function 
xm(e,t){if(t.length==
=0)return null;let r=
t.map(i=>({value:i,di
stance:(0,_l.default)
(e,i)}));r.sort((i,o)
=>i.distance<o.distan
ce?-1:1);let 
n=r[0];return n.dista
nce<3?n.value:null}fu
nction 
Em(e,t){return Ml(t.m
odels,e)??Ml(t.types,
e)}function 
Ml(e,t){let r=Object.
keys(e).find(n=>ue(n)
===t);if(r)return 
e[r]}function 
Pm(e,t){let 
r=je(e);for(let o of 
t)switch(o.kind){case
"UnknownModel":r.argu
ments.getField(o.mode
lKey)?.markAsError(),
r.addErrorMessage(()=
>`Unknown model 
name: ${o.modelKey}.`
);break;case"UnknownF
ield":r.arguments.get
DeepField([o.modelKey
,o.fieldName])?.markA
sError(),r.addErrorMe
ssage(()=>`Model 
"${o.modelKey}" does 
not have a field 
named "${o.fieldName}
".`);break;case"Relat
ionInOmit":r.argument
s.getDeepField([o.mod
elKey,o.fieldName])?.
markAsError(),r.addEr
rorMessage(()=>'Relat
ions are already 
excluded by default 
and can not be 
specified in "omit".'
);break;case"InvalidF
ieldValue":r.argument
s.getDeepFieldValue([
o.modelKey,o.fieldNam
e])?.markAsError(),r.
addErrorMessage(()=>"
Omit field option 
value must be a boole
an.");break}let{messa
ge:n,args:i}=sr(r,"co
lorless");return`Erro
r validating "omit" 
option:
                     
                     
                     
                     
                     
                     
                     
                     
                     
                     
                     
                     
                     
                     
                     
                     
                     
                     
                     
                     
                     
                     
                     
                     
                     
                     
                     
                     
                     
                     
                     
                     
                     
                     
                     
                     
                     
                     
                     
                     
                     
                     
                     
                     
                     
                     
                     
                     
            

PrismaClientConstruct
orValidationError: 
Using engine type 
"client" requires 
either "adapter" or 
"accelerateUrl" to 
be provided to 
PrismaClient 
constructor.
Read more at https://
pris.ly/d/client-cons
tructor
    at bm (C:\Users\K
IIT0001\OneDrive\Desk
top\Campus-connect1\n
ode_modules\@prisma\c
lient\runtime\client.
js:66:3615)
    at Ll (C:\Users\K
IIT0001\OneDrive\Desk
top\Campus-connect1\n
ode_modules\@prisma\c
lient\runtime\client.
js:66:3916)
    at new t (C:\User
s\KIIT0001\OneDrive\D
esktop\Campus-connect
1\node_modules\@prism
a\client\runtime\clie
nt.js:70:1241)
    at file:///C:/Use
rs/KIIT0001/OneDrive/
Desktop/Campus-connec
t1/backend/test_db.js
:3:16
    at ModuleJob.run 
(node:internal/module
s/esm/module_job:271:
25)
    at async onImport
.tracePromise.__proto
__ (node:internal/mod
ules/esm/loader:547:2
6)
    at async asyncRun
EntryPointWithESMLoad
er (node:internal/mod
ules/run_main:116:5)

Node.js v22.13.0
